Running: /opt/Xilinx/14.7/ISE_DS/ISE/bin/lin64/unwrapped/fuse -intstyle ise -incremental -lib unisims_ver -lib unimacro_ver -lib xilinxcorelib_ver -lib secureip -o /home/ise/Oracle_project/fulladder8bit/full_adder_8bit_tb_isim_beh.exe -prj /home/ise/Oracle_project/fulladder8bit/full_adder_8bit_tb_beh.prj work.full_adder_8bit_tb work.glbl 
ISim P.20131013 (signature 0xfbc00daa)
Number of CPUs detected in this system: 1
Turning on mult-threading, number of parallel sub-compilation jobs: 0 
Determining compilation order of HDL files
Analyzing Verilog file "/home/ise/Oracle_project/fulladder8bit/fulladder.v" into library work
Analyzing Verilog file "/home/ise/Oracle_project/fulladder8bit/fulladder8bit.v" into library work
Analyzing Verilog file "/home/ise/Oracle_project/fulladder8bit/fulladder8bit_tb.v" into library work
Analyzing Verilog file "/opt/Xilinx/14.7/ISE_DS/ISE//verilog/src/glbl.v" into library work
Starting static elaboration
Completed static elaboration
Fuse Memory Usage: 94920 KB
Fuse CPU Usage: 420 ms
Compiling module full_adder
Compiling module full_adder_8bit
Compiling module full_adder_8bit_tb
Compiling module glbl
Time Resolution for simulation is 1ps.
Compiled 4 Verilog Units
Built simulation executable /home/ise/Oracle_project/fulladder8bit/full_adder_8bit_tb_isim_beh.exe
Fuse Memory Usage: 98076 KB
Fuse CPU Usage: 440 ms
GCC CPU Usage: 260 ms
